// Jest Snapshot v1, https://goo.gl/fbAQLP

exports[`ClaimRegistrationToken 2`] = `
Object {
  "data": Object {
    "claimRegistrationToken": "[id-3]",
  },
}
`;
