// Jest Snapshot v1, https://goo.gl/fbAQLP

exports[`CreateOrganization can create an organization when logged in as admin 1`] = `
Object {
  "data": Object {
    "createOrganization": Object {
      "organization": Object {
        "color": "[random-3]",
        "id": "[id-1]",
        "name": "[random-1]",
        "slug": "[random-2]",
      },
      "query": Object {
        "organizationBySlug": Object {
          "color": "[random-3]",
          "id": "[id-1]",
          "name": "[random-1]",
          "slug": "[random-2]",
        },
      },
    },
  },
}
`;

exports[`CreateOrganization can create an organization when logged in as non admin 1`] = `
Object {
  "data": Object {
    "createOrganization": null,
  },
  "errors": Array [
    Object {
      "extensions": Object {
        "exception": Object {
          "code": "DNIED",
          "severity": "ERROR",
          "where": "PL/pgSQL function app_public.check_is_admin() line 4 at RAISE
SQL statement \\"CALL app_public.check_is_admin()\\"
PL/pgSQL function app_public.create_organization(citext,text,text) line 6 at CALL",
        },
      },
      "locations": Array [
        Object {
          "column": 3,
          "line": 2,
        },
      ],
      "message": "Acces denied. Only admins are allowed to use this mutation.",
      "path": Array [
        "createOrganization",
      ],
    },
  ],
}
`;
