// Jest Snapshot v1, https://goo.gl/fbAQLP

exports[`UpdateRegistration can update a registration with a valid updateToken 2`] = `
Object {
  "data": Object {
    "updateRegistration": Object {
      "registration": Object {
        "fullName": "PÃ¤ivi Tetty",
        "id": "[id-1]",
      },
    },
  },
}
`;

exports[`UpdateRegistration can't update registration if registration token is not valid 1`] = `
Object {
  "data": Object {
    "updateRegistration": null,
  },
  "errors": Array [
    Object {
      "extensions": Object {
        "exception": Object {
          "code": "NTFND",
          "severity": "ERROR",
          "where": "PL/pgSQL function app_public.update_registration(text,text,text) line 11 at RAISE",
        },
      },
      "locations": Array [
        Object {
          "column": 3,
          "line": 7,
        },
      ],
      "message": "Registration matching token was not found.",
      "path": Array [
        "updateRegistration",
      ],
    },
  ],
}
`;
