// Jest Snapshot v1, https://goo.gl/fbAQLP

exports[`languages query 1`] = `
Object {
  "data": Object {
    "defaultLanguage": Array [
      "FI",
    ],
    "supportedLanguages": Array [
      "FI",
      "EN",
      "SE",
    ],
  },
}
`;
